{
  "browserKind": "chrome-channel",
  "routeCount": 13,
  "viewportCount": 4,
  "screenshotCount": 53,
  "failureCount": 52,
  "failures": [
    {
      "viewportId": "desktop-1440x900",
      "width": 1440,
      "height": 900,
      "routeId": "today",
      "screenshot": "public-desktop-1440x900-today.png",
      "durationMs": 1510,
      "url": "https://prairieclassroom-os.vercel.app/?demo=true&tab=today&classroom=demo-okafor-grade34",
      "expectedFound": true,
      "activePanel": "panel-today",
      "demoApi": "prairie-static-demo-api",
      "loadingVisible": false,
      "horizontalOverflow": false,
      "visibleOverflowCandidates": [
        {
          "tag": "SPAN",
          "className": "shell-nav__collapse-copy",
          "text": "Collapse",
          "clientWidth": 1,
          "scrollWidth": 61
        },
        {
          "tag": "DIV",
          "className": "day-arc__heading",
          "text": "Today's Shape5 blocks·4 students watching·3 open threads",
          "clientWidth": 27,
          "scrollWidth": 56
        },
        {
          "tag": "H2",
          "className": "day-arc__title",
          "text": "Today's Shape",
          "clientWidth": 27,
          "scrollWidth": 56
        },
        {
          "tag": "P",
          "className": "day-arc__subtitle",
          "text": "5 blocks·4 students watching·3 open threads",
          "clientWidth": 27,
          "scrollWidth": 54
        },
        {
          "tag": "DIV",
          "className": "today-anchor-target",
          "text": "Complexity Debt RECORDManageable3open itemsLargest sourceStale follow-up1 itemDebt severity tier0-34",
          "clientWidth": 288,
          "scrollWidth": 487
        },
        {
          "tag": "DIV",
          "className": "viz-debt-gauge viz-debt-gauge--mounted viz-debt-gauge--clickable",
          "text": "Complexity Debt RECORDManageable3open itemsLargest sourceStale follow-up1 itemDebt severity tier0-34",
          "clientWidth": 286,
          "scrollWidth": 486
        },
        {
          "tag": "DIV",
          "className": "viz-debt-gauge__body",
          "text": "3open itemsLargest sourceStale follow-up1 itemDebt severity tier0-34-78+Stale follow-up1Unapproved m",
          "clientWidth": 222,
          "scrollWidth": 454
        },
        {
          "tag": "DIV",
          "className": "card card--flat card--tone-neutral today-forecast-section risk-windows",
          "text": "Risk Windows AI SNAPSHOT2high blocksStage supports before 12:30-12:45. Keep recovery time visible.Pe",
          "clientWidth": 430,
          "scrollWidth": 440
        },
        {
          "tag": "DIV",
          "className": "card__body risk-windows__body",
          "text": "Risk Windows AI SNAPSHOT2high blocksStage supports before 12:30-12:45. Keep recovery time visible.Pe",
          "clientWidth": 430,
          "scrollWidth": 440
        },
        {
          "tag": "DIV",
          "className": "risk-windows__content",
          "text": "Peak block12:30-12:45highThe public demo forecast is highest after lunch when math, transition load,",
          "clientWidth": 166,
          "scrollWidth": 208
        }
      ],
      "mobileNavVisible": true,
      "textSample": "Skip to main contentCollapsePrairieClassroomOS⌘ KActive classroomGrade 3-4 cross curricular⌄RoleTeacher⌄Search or ask Prairie⌘KDark?TodayDo this nowClassroomRoom viewTomorrowPlan tomorrowWeekWeek mapPrepAdapt lessonOpsLog note1ReviewMessage familyAlberta K-6Privacy firstTeacher controlledTodayTodaySame-day triage for Grade 3-4: recommended next move, immediate risks, and the carry-forward you committed to before the day started.26 studentsTodayEnd-of-day closeout: carry forward what will matter "
    },
    {
      "viewportId": "desktop-1440x900",
      "width": 1440,
      "height": 900,
      "routeId": "classroom",
      "screenshot": "public-desktop-1440x900-classroom.png",
      "durationMs": 1154,
      "url": "https://prairieclassroom-os.vercel.app/?demo=true&tab=classroom&classroom=demo-okafor-grade34",
      "expectedFound": true,
      "activePanel": "panel-classroom",
      "demoApi": "prairie-static-demo-api",
      "loadingVisible": false,
      "horizontalOverflow": false,
      "visibleOverflowCandidates": [
        {
          "tag": "SPAN",
          "className": "shell-nav__collapse-copy",
          "text": "Collapse",
          "clientWidth": 1,
          "scrollWidth": 61
        },
        {
          "tag": "STRONG",
          "className": "",
          "text": "Log a quick follow-up after tomorrow's math launch.",
          "clientWidth": 252,
          "scrollWidth": 419
        },
        {
          "tag": "STRONG",
          "className": "",
          "text": "Review and approve the praise note.",
          "clientWidth": 252,
          "scrollWidth": 292
        },
        {
          "tag": "STRONG",
          "className": "",
          "text": "Add vocabulary preview cards to tomorrow's prep checklist.",
          "clientWidth": 252,
          "scrollWidth": 481
        },
        {
          "tag": "DIV",
          "className": "student-coverage__rail",
          "text": "‹Brody22 threadsAmira33 threadsElena11 thread›",
          "clientWidth": 1046,
          "scrollWidth": 1051
        },
        {
          "tag": "SPAN",
          "className": "",
          "text": "Vocabulary preview and family praise",
          "clientWidth": 134,
          "scrollWidth": 194
        },
        {
          "tag": "SPAN",
          "className": "",
          "text": "After-lunch transition support",
          "clientWidth": 134,
          "scrollWidth": 156
        },
        {
          "tag": "SPAN",
          "className": "",
          "text": "not applicable",
          "clientWidth": 67,
          "scrollWidth": 74
        },
        {
          "tag": "SPAN",
          "className": "",
          "text": "not applicable",
          "clientWidth": 67,
          "scrollWidth": 74
        },
        {
          "tag": "SPAN",
          "className": "",
          "text": "Math confidence with manipulatives",
          "clientWidth": 134,
          "scrollWidth": 190
        }
      ],
      "mobileNavVisible": true,
      "textSample": "Skip to main contentCollapsePrairieClassroomOS⌘ KActive classroomGrade 3-4 cross curricular⌄RoleTeacher⌄Search or ask Prairie⌘KDark?TodayDo this nowClassroomRoom viewTomorrowPlan tomorrowWeekWeek mapPrepAdapt lessonOpsLog note1ReviewMessage familyAlberta K-6Privacy firstTeacher controlledClassroom commandRoom viewRead the room, then choose the lens.Grade 3-4 is showing steady. Start with the live queue, stage tomorrow's support, or step back to the weekly pressure map.Open Today triage→Open work"
    },
    {
      "viewportId": "desktop-1440x900",
      "width": 1440,
      "height": 900,
      "routeId": "tomorrow-plan",
      "screenshot": "public-desktop-1440x900-tomorrow-plan.png",
      "durationMs": 1194,
      "url": "https://prairieclassroom-os.vercel.app/?demo=true&tab=tomorrow&tool=tomorrow-plan&classroom=demo-okafor-grade34",
      "expectedFound": true,
      "activePanel": "panel-tomorrow",
      "demoApi": "prairie-static-demo-api",
      "loadingVisible": false,
      "horizontalOverflow": false,
      "visibleOverflowCandidates": [
        {
          "tag": "SPAN",
          "className": "shell-nav__collapse-copy",
          "text": "Collapse",
          "clientWidth": 1,
          "scrollWidth": 61
        },
        {
          "tag": "DIV",
          "className": "coverage-timeline__rail",
          "text": "8:30-9:15Bell work journal + calendar mathForecast lowEA in block9:15-9:30Recess transitionForecast ",
          "clientWidth": 1012,
          "scrollWidth": 2280
        }
      ],
      "mobileNavVisible": true,
      "textSample": "Skip to main contentCollapsePrairieClassroomOS⌘ KActive classroomGrade 3-4 cross curricular⌄RoleTeacher⌄Search or ask Prairie⌘KDark?TodayDo this nowClassroomRoom viewTomorrowPlan tomorrowWeekWeek mapPrepAdapt lessonOpsLog note1ReviewMessage familyAlberta K-6Privacy firstTeacher controlledTomorrow commandPlan, forecast, and carry-forward queueStart with the support plan, confirm block risk, then fold queued notes into the first moves for the next school day.Active toolTomorrow PlanPlanReadyStatus"
    },
    {
      "viewportId": "desktop-1440x900",
      "width": 1440,
      "height": 900,
      "routeId": "tomorrow-forecast",
      "screenshot": "public-desktop-1440x900-tomorrow-forecast.png",
      "durationMs": 1095,
      "url": "https://prairieclassroom-os.vercel.app/?demo=true&tab=tomorrow&tool=tomorrow-plan&classroom=demo-okafor-grade34",
      "expectedFound": true,
      "activePanel": "panel-tomorrow",
      "demoApi": "prairie-static-demo-api",
      "loadingVisible": false,
      "horizontalOverflow": false,
      "visibleOverflowCandidates": [
        {
          "tag": "SPAN",
          "className": "shell-nav__collapse-copy",
          "text": "Collapse",
          "clientWidth": 1,
          "scrollWidth": 61
        },
        {
          "tag": "DIV",
          "className": "coverage-timeline__rail",
          "text": "8:30-9:15Bell work journal + calendar mathForecast lowEA in block9:15-9:30Recess transitionForecast ",
          "clientWidth": 1012,
          "scrollWidth": 2280
        }
      ],
      "mobileNavVisible": true,
      "textSample": "Skip to main contentCollapsePrairieClassroomOS⌘ KActive classroomGrade 3-4 cross curricular⌄RoleTeacher⌄Search or ask Prairie⌘KDark?TodayDo this nowClassroomRoom viewTomorrowPlan tomorrowWeekWeek mapPrepAdapt lessonOpsLog note1ReviewMessage familyAlberta K-6Privacy firstTeacher controlledTomorrow commandPlan, forecast, and carry-forward queueStart with the support plan, confirm block risk, then fold queued notes into the first moves for the next school day.Active toolTomorrow PlanPlanReadyStatus"
    },
    {
      "viewportId": "desktop-1440x900",
      "width": 1440,
      "height": 900,
      "routeId": "week",
      "screenshot": "public-desktop-1440x900-week.png",
      "durationMs": 982,
      "url": "https://prairieclassroom-os.vercel.app/?demo=true&tab=week&classroom=demo-okafor-grade34",
      "expectedFound": true,
      "activePanel": "panel-week",
      "demoApi": "prairie-static-demo-api",
      "loadingVisible": false,
      "horizontalOverflow": false,
      "visibleOverflowCandidates": [
        {
          "tag": "SPAN",
          "className": "shell-nav__collapse-copy",
          "text": "Collapse",
          "clientWidth": 1,
          "scrollWidth": 61
        }
      ],
      "mobileNavVisible": true,
      "textSample": "Skip to main contentCollapsePrairieClassroomOS⌘ KActive classroomGrade 3-4 cross curricular⌄RoleTeacher⌄Search or ask Prairie⌘KDark?TodayDo this nowClassroomRoom viewTomorrowPlan tomorrowWeekWeek mapPrepAdapt lessonOpsLog note1ReviewMessage familyAlberta K-6Privacy firstTeacher controlledWeek commandShape the week before it shapes tomorrowUse the weekly pattern before locking tomorrow's coverage. Read the forecast, check the risk, and stage the plan before tomorrow starts making decisions for yo"
    },
    {
      "viewportId": "desktop-1440x900",
      "width": 1440,
      "height": 900,
      "routeId": "prep-differentiate",
      "screenshot": "public-desktop-1440x900-prep-differentiate.png",
      "durationMs": 1129,
      "url": "https://prairieclassroom-os.vercel.app/?demo=true&tab=prep&tool=differentiate&classroom=demo-okafor-grade34",
      "expectedFound": true,
      "activePanel": "panel-prep",
      "demoApi": "prairie-static-demo-api",
      "loadingVisible": false,
      "horizontalOverflow": false,
      "visibleOverflowCandidates": [
        {
          "tag": "SPAN",
          "className": "shell-nav__collapse-copy",
          "text": "Collapse",
          "clientWidth": 1,
          "scrollWidth": 61
        },
        {
          "tag": "UL",
          "className": "output-preview-checklist",
          "text": "Readiness laneScaffolded laneExtension laneLanguage support lane",
          "clientWidth": 1,
          "scrollWidth": 157
        },
        {
          "tag": "LI",
          "className": "",
          "text": "Readiness lane",
          "clientWidth": 1,
          "scrollWidth": 109
        },
        {
          "tag": "LI",
          "className": "",
          "text": "Scaffolded lane",
          "clientWidth": 1,
          "scrollWidth": 111
        },
        {
          "tag": "LI",
          "className": "",
          "text": "Extension lane",
          "clientWidth": 1,
          "scrollWidth": 106
        },
        {
          "tag": "LI",
          "className": "",
          "text": "Language support lane",
          "clientWidth": 1,
          "scrollWidth": 157
        }
      ],
      "mobileNavVisible": true,
      "textSample": "Skip to main contentCollapsePrairieClassroomOS⌘ KActive classroomGrade 3-4 cross curricular⌄RoleTeacher⌄Search or ask Prairie⌘KDark?TodayDo this nowClassroomRoom viewTomorrowPlan tomorrowWeekWeek mapPrepAdapt lessonOpsLog note1ReviewMessage familyAlberta K-6Privacy firstTeacher controlledPrep commandPrepare the material before it reaches the room.Start with artifact, context, and readiness. Keep the canvas visible while choosing the prep mode.Heavy EAL load8 EAL · 7 languagesActive toolDifferent"
    },
    {
      "viewportId": "desktop-1440x900",
      "width": 1440,
      "height": 900,
      "routeId": "prep-language-tools",
      "screenshot": "public-desktop-1440x900-prep-language-tools.png",
      "durationMs": 1141,
      "url": "https://prairieclassroom-os.vercel.app/?demo=true&tab=prep&tool=language-tools&classroom=demo-okafor-grade34",
      "expectedFound": true,
      "activePanel": "panel-prep",
      "demoApi": "prairie-static-demo-api",
      "loadingVisible": false,
      "horizontalOverflow": false,
      "visibleOverflowCandidates": [
        {
          "tag": "SPAN",
          "className": "shell-nav__collapse-copy",
          "text": "Collapse",
          "clientWidth": 1,
          "scrollWidth": 61
        },
        {
          "tag": "DIV",
          "className": "student-coverage__rail",
          "text": "‹Brody22 threadsAmira33 threadsElena11 thread›",
          "clientWidth": 1078,
          "scrollWidth": 1083
        }
      ],
      "mobileNavVisible": true,
      "textSample": "Skip to main contentCollapsePrairieClassroomOS⌘ KActive classroomGrade 3-4 cross curricular⌄RoleTeacher⌄Search or ask Prairie⌘KDark?TodayDo this nowClassroomRoom viewTomorrowPlan tomorrowWeekWeek mapPrepAdapt lessonOpsLog note1ReviewMessage familyAlberta K-6Privacy firstTeacher controlledPrep commandPrepare the material before it reaches the room.Start with artifact, context, and readiness. Keep the canvas visible while choosing the prep mode.Heavy EAL load8 EAL · 7 languagesActive toolLanguage "
    },
    {
      "viewportId": "desktop-1440x900",
      "width": 1440,
      "height": 900,
      "routeId": "ops-log-intervention",
      "screenshot": "public-desktop-1440x900-ops-log-intervention.png",
      "durationMs": 835,
      "url": "https://prairieclassroom-os.vercel.app/?demo=true&tab=ops&tool=log-intervention&classroom=demo-okafor-grade34",
      "expectedFound": true,
      "activePanel": "panel-ops",
      "demoApi": "prairie-static-demo-api",
      "loadingVisible": false,
      "horizontalOverflow": false,
      "visibleOverflowCandidates": [
        {
          "tag": "SPAN",
          "className": "shell-nav__collapse-copy",
          "text": "Collapse",
          "clientWidth": 1,
          "scrollWidth": 61
        }
      ],
      "mobileNavVisible": true,
      "textSample": "Skip to main contentCollapsePrairieClassroomOS⌘ KActive classroomGrade 3-4 cross curricular⌄RoleTeacher⌄Search or ask Prairie⌘KDark?TodayDo this nowClassroomRoom viewTomorrowPlan tomorrowWeekWeek mapPrepAdapt lessonOpsLog note1ReviewMessage familyAlberta K-6Privacy firstTeacher controlledOps commandCoordinate the adults without losing the thread.Capture today's evidence, brief the adults in the room, balance coverage, and package the handoff from one operational surface.Coordination queued1 foll"
    }
  ]
}
